// Jest Snapshot v1, https://goo.gl/fbAQLP

exports[`Danger should render successfully 1`] = `
<body>
  <div>
    <div
      class="sc-67a32a3a-0 iEcmJf"
    />
  </div>
</body>
`;
