// Jest Snapshot v1, https://goo.gl/fbAQLP

exports[`Divider should render successfully 1`] = `
<body>
  <div>
    <hr
      class="sc-2a5b5adf-0 krZbdU"
    />
  </div>
</body>
`;
