// Jest Snapshot v1, https://goo.gl/fbAQLP

exports[`Button should render successfully 1`] = `
<body>
  <div>
    <button
      class="sc-63139522-0 sc-63139522-1 jAaKDT jYLPWX"
    >
      <span
        class="sc-63139522-2 flvQkd"
      />
    </button>
  </div>
</body>
`;
